[33mWARNING[0m:  [01-05-2025 20:43:19] chroma_server_nofile is set to 65535, but this is less than current soft limit of 1048576. chroma_server_nofile will not be set.
[32mINFO[0m:     [01-05-2025 20:43:19] Anonymized telemetry enabled. See                     https://docs.trychroma.com/telemetry for more information.
[36mDEBUG[0m:    [01-05-2025 20:43:19] Starting component System
[36mDEBUG[0m:    [01-05-2025 20:43:19] Starting component OpenTelemetryClient
[36mDEBUG[0m:    [01-05-2025 20:43:19] Starting component SqliteDB
[36mDEBUG[0m:    [01-05-2025 20:43:19] Starting component SimpleQuotaEnforcer
[36mDEBUG[0m:    [01-05-2025 20:43:19] Starting component Posthog
[36mDEBUG[0m:    [01-05-2025 20:43:19] Starting component SimpleRateLimitEnforcer
[36mDEBUG[0m:    [01-05-2025 20:43:19] Starting component LocalSegmentManager
[36mDEBUG[0m:    [01-05-2025 20:43:19] Starting component LocalExecutor
[36mDEBUG[0m:    [01-05-2025 20:43:19] Starting component SegmentAPI
[36mDEBUG[0m:    [01-05-2025 20:43:19] Starting component SimpleAsyncRateLimitEnforcer
[32mINFO[0m:     [01-05-2025 20:43:19] Started server process [[36m30862[0m]
[32mINFO[0m:     [01-05-2025 20:43:19] Waiting for application startup.
[32mINFO[0m:     [01-05-2025 20:43:19] Application startup complete.
[32mINFO[0m:     [01-05-2025 20:43:19] Uvicorn running on [1mhttp://0.0.0.0:8000[0m (Press CTRL+C to quit)
[32mINFO[0m:     [01-05-2025 20:48:12] Shutting down
[32mINFO[0m:     [01-05-2025 20:48:12] Waiting for application shutdown.
[36mDEBUG[0m:    [01-05-2025 20:48:12] Stopping component System
[36mDEBUG[0m:    [01-05-2025 20:48:12] Stopping component SegmentAPI
[36mDEBUG[0m:    [01-05-2025 20:48:12] Stopping component LocalExecutor
[36mDEBUG[0m:    [01-05-2025 20:48:12] Stopping component LocalSegmentManager
[36mDEBUG[0m:    [01-05-2025 20:48:12] Stopping component SimpleAsyncRateLimitEnforcer
[36mDEBUG[0m:    [01-05-2025 20:48:12] Stopping component SimpleRateLimitEnforcer
[36mDEBUG[0m:    [01-05-2025 20:48:12] Stopping component Posthog
[36mDEBUG[0m:    [01-05-2025 20:48:12] Stopping component SimpleQuotaEnforcer
[36mDEBUG[0m:    [01-05-2025 20:48:12] Stopping component SqliteDB
[36mDEBUG[0m:    [01-05-2025 20:48:12] Stopping component OpenTelemetryClient
[32mINFO[0m:     [01-05-2025 20:48:12] Application shutdown complete.
[32mINFO[0m:     [01-05-2025 20:48:12] Finished server process [[36m30862[0m]
[33mWARNING[0m:  [01-05-2025 20:48:16] chroma_server_nofile is set to 65535, but this is less than current soft limit of 1048576. chroma_server_nofile will not be set.
[32mINFO[0m:     [01-05-2025 20:48:16] Anonymized telemetry enabled. See                     https://docs.trychroma.com/telemetry for more information.
[36mDEBUG[0m:    [01-05-2025 20:48:16] Starting component System
[36mDEBUG[0m:    [01-05-2025 20:48:16] Starting component OpenTelemetryClient
[36mDEBUG[0m:    [01-05-2025 20:48:16] Starting component SqliteDB
[36mDEBUG[0m:    [01-05-2025 20:48:16] Starting component SimpleQuotaEnforcer
[36mDEBUG[0m:    [01-05-2025 20:48:16] Starting component Posthog
[36mDEBUG[0m:    [01-05-2025 20:48:16] Starting component SimpleRateLimitEnforcer
[36mDEBUG[0m:    [01-05-2025 20:48:16] Starting component LocalSegmentManager
[36mDEBUG[0m:    [01-05-2025 20:48:16] Starting component LocalExecutor
[36mDEBUG[0m:    [01-05-2025 20:48:16] Starting component SegmentAPI
[36mDEBUG[0m:    [01-05-2025 20:48:16] Starting component SimpleAsyncRateLimitEnforcer
[32mINFO[0m:     [01-05-2025 20:48:16] Started server process [[36m36390[0m]
[32mINFO[0m:     [01-05-2025 20:48:16] Waiting for application startup.
[32mINFO[0m:     [01-05-2025 20:48:16] Application startup complete.
[32mINFO[0m:     [01-05-2025 20:48:16] Uvicorn running on [1mhttp://0.0.0.0:8000[0m (Press CTRL+C to quit)
